// Jest Snapshot v1, https://goo.gl/fbAQLP

exports[`getAnomalySeries should match snapshot 1`] = `
Object {
  "anomalyBoundariesSeries": Object {
    "areaColor": "rgba(49,133,252,0.1)",
    "color": "none",
    "data": Array [
      Object {
        "x": 5000,
        "y": 200,
        "y0": 20,
      },
      Object {
        "x": 15000,
        "y": 100,
        "y0": 20,
      },
      Object {
        "x": 25000,
        "y": 50,
        "y0": 10,
      },
      Object {
        "x": 30000,
        "y": 50,
        "y0": 10,
      },
    ],
    "hideLegend": true,
    "hideTooltipValue": true,
    "title": "Anomaly Boundaries",
    "type": "area",
  },
  "anomalyScoreSeries": Object {
    "areaColor": "rgba(146,0,0,0.1)",
    "color": "none",
    "data": Array [
      Object {
        "x": 25000,
        "x0": 15000,
      },
      Object {
        "x": 35000,
        "x0": 25000,
      },
    ],
    "hideLegend": true,
    "hideTooltipValue": true,
    "title": "Anomaly score",
    "type": "areaMaxHeight",
  },
}
`;
